ubuntu@ubuntu-HP-406-G1-MT:~/kernel$ make
uname: extra operand ‘r’
Try 'uname --help' for more information.
makefile:3: *** missing separator.  Stop.
ubuntu@ubuntu-HP-406-G1-MT:~/kernel$ make
make -C /lib/modules/4.15.0-34-generic/build/ M=/home/ubuntu/kernel modules
make[1]: Entering directory '/usr/src/linux-headers-4.15.0-34-generic'
Makefile:976: "Cannot use CONFIG_STACK_VALIDATION=y, please install libelf-dev, libelf-devel or elfutils-libelf-devel"
scripts/Makefile.build:45: /home/ubuntu/kernel/Makefile: No such file or directory
make[2]: *** No rule to make target '/home/ubuntu/kernel/Makefile'.  Stop.
Makefile:1552: recipe for target '_module_/home/ubuntu/kernel' failed
make[1]: *** [_module_/home/ubuntu/kernel] Error 2
make[1]: Leaving directory '/usr/src/linux-headers-4.15.0-34-generic'
makefile:3: recipe for target 'all' failed
make: *** [all] Error 2
ubuntu@ubuntu-HP-406-G1-MT:~/kernel$ make
make -C /lib/modules/4.15.0-34-generic/build/ M=/home/ubuntu/kernel modules
make[1]: Entering directory '/usr/src/linux-headers-4.15.0-34-generic'
Makefile:976: "Cannot use CONFIG_STACK_VALIDATION=y, please install libelf-dev, libelf-devel or elfutils-libelf-devel"
scripts/Makefile.build:45: /home/ubuntu/kernel/Makefile: No such file or directory
make[2]: *** No rule to make target '/home/ubuntu/kernel/Makefile'.  Stop.
Makefile:1552: recipe for target '_module_/home/ubuntu/kernel' failed
make[1]: *** [_module_/home/ubuntu/kernel] Error 2
make[1]: Leaving directory '/usr/src/linux-headers-4.15.0-34-generic'
makefile:3: recipe for target 'all' failed
make: *** [all] Error 2
ubuntu@ubuntu-HP-406-G1-MT:~/kernel$ make
make -C /lib/modules/4.15.0-34-generic/build/ M=/home/ubuntu/kernel modules
make[1]: Entering directory '/usr/src/linux-headers-4.15.0-34-generic'
Makefile:976: "Cannot use CONFIG_STACK_VALIDATION=y, please install libelf-dev, libelf-devel or elfutils-libelf-devel"
scripts/Makefile.build:45: /home/ubuntu/kernel/Makefile: No such file or directory
make[2]: *** No rule to make target '/home/ubuntu/kernel/Makefile'.  Stop.
Makefile:1552: recipe for target '_module_/home/ubuntu/kernel' failed
make[1]: *** [_module_/home/ubuntu/kernel] Error 2
make[1]: Leaving directory '/usr/src/linux-headers-4.15.0-34-generic'
makefile:3: recipe for target 'all' failed
make: *** [all] Error 2
ubuntu@ubuntu-HP-406-G1-MT:~/kernel$ make
make -C /lib/modules/4.15.0-34-generic/build/ M=/home/ubuntu/kernel modules
make[1]: Entering directory '/usr/src/linux-headers-4.15.0-34-generic'
Makefile:976: "Cannot use CONFIG_STACK_VALIDATION=y, please install libelf-dev, libelf-devel or elfutils-libelf-devel"
scripts/Makefile.build:45: /home/ubuntu/kernel/Makefile: No such file or directory
make[2]: *** No rule to make target '/home/ubuntu/kernel/Makefile'.  Stop.
Makefile:1552: recipe for target '_module_/home/ubuntu/kernel' failed
make[1]: *** [_module_/home/ubuntu/kernel] Error 2
make[1]: Leaving directory '/usr/src/linux-headers-4.15.0-34-generic'
makefile:3: recipe for target 'all' failed
make: *** [all] Error 2
ubuntu@ubuntu-HP-406-G1-MT:~/kernel$ make
make -C /lib/modules/4.15.0-34-generic/build/ M=/home/ubuntu/kernel modules
make[1]: Entering directory '/usr/src/linux-headers-4.15.0-34-generic'
Makefile:976: "Cannot use CONFIG_STACK_VALIDATION=y, please install libelf-dev, libelf-devel or elfutils-libelf-devel"
scripts/Makefile.build:45: /home/ubuntu/kernel/Makefile: No such file or directory
make[2]: *** No rule to make target '/home/ubuntu/kernel/Makefile'.  Stop.
Makefile:1552: recipe for target '_module_/home/ubuntu/kernel' failed
make[1]: *** [_module_/home/ubuntu/kernel] Error 2
make[1]: Leaving directory '/usr/src/linux-headers-4.15.0-34-generic'
makefile:3: recipe for target 'all' failed
make: *** [all] Error 2
ubuntu@ubuntu-HP-406-G1-MT:~/kernel$ make
make -C /lib/modules/4.15.0-34-generic/build/ M=/home/ubuntu/kernel modules
make[1]: Entering directory '/usr/src/linux-headers-4.15.0-34-generic'
Makefile:976: "Cannot use CONFIG_STACK_VALIDATION=y, please install libelf-dev, libelf-devel or elfutils-libelf-devel"
scripts/Makefile.build:45: /home/ubuntu/kernel/Makefile: No such file or directory
make[2]: *** No rule to make target '/home/ubuntu/kernel/Makefile'.  Stop.
Makefile:1552: recipe for target '_module_/home/ubuntu/kernel' failed
make[1]: *** [_module_/home/ubuntu/kernel] Error 2
make[1]: Leaving directory '/usr/src/linux-headers-4.15.0-34-generic'
makefile:3: recipe for target 'all' failed
make: *** [all] Error 2
ubuntu@ubuntu-HP-406-G1-MT:~/kernel$ make
make -C /lib/modules/4.15.0-34-generic/build M=/home/ubuntu/kernel modules
make[1]: Entering directory '/usr/src/linux-headers-4.15.0-34-generic'
Makefile:976: "Cannot use CONFIG_STACK_VALIDATION=y, please install libelf-dev, libelf-devel or elfutils-libelf-devel"
scripts/Makefile.build:45: /home/ubuntu/kernel/Makefile: No such file or directory
make[2]: *** No rule to make target '/home/ubuntu/kernel/Makefile'.  Stop.
Makefile:1552: recipe for target '_module_/home/ubuntu/kernel' failed
make[1]: *** [_module_/home/ubuntu/kernel] Error 2
make[1]: Leaving directory '/usr/src/linux-headers-4.15.0-34-generic'
makefile:3: recipe for target 'all' failed
make: *** [all] Error 2
ubuntu@ubuntu-HP-406-G1-MT:~/kernel$ make
make -C /lib/modules/4.15.0-34-generic/build M=/home/ubuntu/kernel modules
make[1]: Entering directory '/usr/src/linux-headers-4.15.0-34-generic'
Makefile:976: "Cannot use CONFIG_STACK_VALIDATION=y, please install libelf-dev, libelf-devel or elfutils-libelf-devel"
scripts/Makefile.build:45: /home/ubuntu/kernel/Makefile: No such file or directory
make[2]: *** No rule to make target '/home/ubuntu/kernel/Makefile'.  Stop.
Makefile:1552: recipe for target '_module_/home/ubuntu/kernel' failed
make[1]: *** [_module_/home/ubuntu/kernel] Error 2
make[1]: Leaving directory '/usr/src/linux-headers-4.15.0-34-generic'
makefile:3: recipe for target 'all' failed
make: *** [all] Error 2
ubuntu@ubuntu-HP-406-G1-MT:~/kernel$ make
make -C /lib/modules/4.15.0-34-generic/build M=/home/ubuntu/kernel modules
make[1]: Entering directory '/usr/src/linux-headers-4.15.0-34-generic'
Makefile:976: "Cannot use CONFIG_STACK_VALIDATION=y, please install libelf-dev, libelf-devel or elfutils-libelf-devel"
scripts/Makefile.build:45: /home/ubuntu/kernel/Makefile: No such file or directory
make[2]: *** No rule to make target '/home/ubuntu/kernel/Makefile'.  Stop.
Makefile:1552: recipe for target '_module_/home/ubuntu/kernel' failed
make[1]: *** [_module_/home/ubuntu/kernel] Error 2
make[1]: Leaving directory '/usr/src/linux-headers-4.15.0-34-generic'
makefile:3: recipe for target 'all' failed
make: *** [all] Error 2
ubuntu@ubuntu-HP-406-G1-MT:~/kernel$ make
make -C /lib/modules/4.15.0-34-generic/build M=/home/ubuntu/kernel modules
make[1]: Entering directory '/usr/src/linux-headers-4.15.0-34-generic'
Makefile:976: "Cannot use CONFIG_STACK_VALIDATION=y, please install libelf-dev, libelf-devel or elfutils-libelf-devel"
  CC [M]  /home/ubuntu/kernel/main.o
/home/ubuntu/kernel/main.c:1:0: warning: "MODULE" redefined
 #define MODULE
 ^
<command-line>:0:0: note: this is the location of the previous definition
/home/ubuntu/kernel/main.c:3:0: warning: "__KERNEL__" redefined
 #define __KERNEL__
 ^
<command-line>:0:0: note: this is the location of the previous definition
/home/ubuntu/kernel/main.c:7:16: error: expected declaration specifiers or ‘...’ before string constant
 MODULE_LICENCE("GPL");
                ^
/home/ubuntu/kernel/main.c: In function ‘hello_cleanup’:
/home/ubuntu/kernel/main.c:21:9: warning: ‘return’ with a value, in function returning void
  return 0;
         ^
scripts/Makefile.build:339: recipe for target '/home/ubuntu/kernel/main.o' failed
make[2]: *** [/home/ubuntu/kernel/main.o] Error 1
Makefile:1552: recipe for target '_module_/home/ubuntu/kernel' failed
make[1]: *** [_module_/home/ubuntu/kernel] Error 2
make[1]: Leaving directory '/usr/src/linux-headers-4.15.0-34-generic'
Makefile:3: recipe for target 'all' failed
make: *** [all] Error 2
ubuntu@ubuntu-HP-406-G1-MT:~/kernel$ make
make -C /lib/modules/4.15.0-34-generic/build M=/home/ubuntu/kernel modules
make[1]: Entering directory '/usr/src/linux-headers-4.15.0-34-generic'
Makefile:976: "Cannot use CONFIG_STACK_VALIDATION=y, please install libelf-dev, libelf-devel or elfutils-libelf-devel"
  CC [M]  /home/ubuntu/kernel/main.o
  Building modules, stage 2.
  MODPOST 1 modules
  CC      /home/ubuntu/kernel/main.mod.o
  LD [M]  /home/ubuntu/kernel/main.ko
make[1]: Leaving directory '/usr/src/linux-headers-4.15.0-34-generic'
ubuntu@ubuntu-HP-406-G1-MT:~/kernel$ sudo insmod main.ko\
> ^C
ubuntu@ubuntu-HP-406-G1-MT:~/kernel$ sudo insmod main.ko
[sudo] password for ubuntu: 
ubuntu@ubuntu-HP-406-G1-MT:~/kernel$ lsmod main.ko
Usage: lsmod
ubuntu@ubuntu-HP-406-G1-MT:~/kernel$ dmesg
[    0.000000] microcode: microcode updated early to revision 0x25, date = 2018-04-02
[    0.000000] Linux version 4.15.0-34-generic (buildd@lgw01-amd64-037) (gcc version 5.4.0 20160609 (Ubuntu 5.4.0-6ubuntu1~16.04.10)) #37~16.04.1-Ubuntu SMP Tue Aug 28 10:44:06 UTC 2018 (Ubuntu 4.15.0-34.37~16.04.1-generic 4.15.18)
[    0.000000] Command line: BOOT_IMAGE=/boot/vmlinuz-4.15.0-34-generic root=UUID=f8ed63b8-2811-44a2-800c-cbceb628033d ro quiet splash vt.handoff=7
[    0.000000] KERNEL supported cpus:
[    0.000000]   Intel GenuineIntel
[    0.000000]   AMD AuthenticAMD
[    0.000000]   Centaur CentaurHauls
[    0.000000] x86/fpu: Supporting XSAVE feature 0x001: 'x87 floating point registers'
[    0.000000] x86/fpu: Supporting XSAVE feature 0x002: 'SSE registers'
[    0.000000] x86/fpu: Supporting XSAVE feature 0x004: 'AVX registers'
[    0.000000] x86/fpu: xstate_offset[2]:  576, xstate_sizes[2]:  256
[    0.000000] x86/fpu: Enabled xstate features 0x7, context size is 832 bytes, using 'standard' format.
[    0.000000] e820: BIOS-provided physical RAM map:
[    0.000000] BIOS-e820: [mem 0x0000000000000000-0x0000000000057fff] usable
[    0.000000] BIOS-e820: [mem 0x0000000000058000-0x0000000000058fff] reserved
[    0.000000] BIOS-e820: [mem 0x0000000000059000-0x000000000009efff] usable
[    0.000000] BIOS-e820: [mem 0x000000000009f000-0x000000000009ffff] reserved
[    0.000000] BIOS-e820: [mem 0x0000000000100000-0x00000000c972cfff] usable
[    0.000000] BIOS-e820: [mem 0x00000000c972d000-0x00000000c9733fff] ACPI NVS
[    0.000000] BIOS-e820: [mem 0x00000000c9734000-0x00000000ca217fff] usable
[    0.000000] BIOS-e820: [mem 0x00000000ca218000-0x00000000ca4dcfff] reserved
[    0.000000] BIOS-e820: [mem 0x00000000ca4dd000-0x00000000dbafafff] usable
[    0.000000] BIOS-e820: [mem 0x00000000dbafb000-0x00000000dbb63fff] reserved
[    0.000000] BIOS-e820: [mem 0x00000000dbb64000-0x00000000dbb8cfff] ACPI data
[    0.000000] BIOS-e820: [mem 0x00000000dbb8d000-0x00000000dbcf2fff] ACPI NVS
[    0.000000] BIOS-e820: [mem 0x00000000dbcf3000-0x00000000dbf61fff] reserved
[    0.000000] BIOS-e820: [mem 0x00000000dbf62000-0x00000000dbffefff] type 20
[    0.000000] BIOS-e820: [mem 0x00000000dbfff000-0x00000000dbffffff] usable
[    0.000000] BIOS-e820: [mem 0x00000000dd000000-0x00000000df1fffff] reserved
[    0.000000] BIOS-e820: [mem 0x00000000f8000000-0x00000000fbffffff] reserved
[    0.000000] BIOS-e820: [mem 0x00000000fec00000-0x00000000fec00fff] reserved
[    0.000000] BIOS-e820: [mem 0x00000000fed00000-0x00000000fed03fff] reserved
[    0.000000] BIOS-e820: [mem 0x00000000fed1c000-0x00000000fed1ffff] reserved
[    0.000000] BIOS-e820: [mem 0x00000000fee00000-0x00000000fee00fff] reserved
[    0.000000] BIOS-e820: [mem 0x00000000ff000000-0x00000000ffffffff] reserved
[    0.000000] BIOS-e820: [mem 0x0000000100000000-0x000000011edfffff] usable
[    0.000000] NX (Execute Disable) protection: active
[    0.000000] efi: EFI v2.31 by American Megatrends
[    0.000000] efi:  ESRT=0xdbf60918  ACPI 2.0=0xdbb6d000  ACPI=0xdbb6d000  SMBIOS=0xf04c0  MPS=0xfd540 
[    0.000000] secureboot: Secure boot could not be determined (mode 0)
[    0.000000] SMBIOS 2.8 present.
[    0.000000] DMI: HP HP 406 G1 MT/2B2A, BIOS A0.04 10/07/2015
[    0.000000] e820: update [mem 0x00000000-0x00000fff] usable ==> reserved
[    0.000000] e820: remove [mem 0x000a0000-0x000fffff] usable
[    0.000000] e820: last_pfn = 0x11ee00 max_arch_pfn = 0x400000000
[    0.000000] MTRR default type: uncachable
[    0.000000] MTRR fixed ranges enabled:
[    0.000000]   00000-9FFFF write-back
[    0.000000]   A0000-BFFFF uncachable
[    0.000000]   C0000-D3FFF write-protect
[    0.000000]   D4000-DFFFF uncachable
[    0.000000]   E0000-FFFFF write-protect
[    0.000000] MTRR variable ranges enabled:
[    0.000000]   0 base 0000000000 mask 7F00000000 write-back
[    0.000000]   1 base 0100000000 mask 7FE0000000 write-back
[    0.000000]   2 base 00E0000000 mask 7FE0000000 uncachable
[    0.000000]   3 base 00DE000000 mask 7FFE000000 uncachable
[    0.000000]   4 base 00DD000000 mask 7FFF000000 uncachable
[    0.000000]   5 base 011F000000 mask 7FFF000000 uncachable
[    0.000000]   6 base 011EE00000 mask 7FFFE00000 uncachable
[    0.000000]   7 disabled
[    0.000000]   8 disabled
[    0.000000]   9 disabled
[    0.000000] x86/PAT: Configuration [0-7]: WB  WC  UC- UC  WB  WP  UC- WT  
[    0.000000] total RAM covered: 4030M
[    0.000000] Found optimal setting for mtrr clean up
[    0.000000]  gran_size: 64K 	chunk_size: 64M 	num_reg: 8  	lose cover RAM: 0G
[    0.000000] e820: update [mem 0xdd000000-0xffffffff] usable ==> reserved
[    0.000000] e820: last_pfn = 0xdc000 max_arch_pfn = 0x400000000
[    0.000000] found SMP MP-table at [mem 0x000fd7f0-0x000fd7ff] mapped at [        (ptrval)]
[    0.000000] esrt: Reserving ESRT space from 0x00000000dbf60918 to 0x00000000dbf60950.
[    0.000000] Scanning 1 areas for low memory corruption
[    0.000000] Base memory trampoline at [        (ptrval)] 97000 size 24576
[    0.000000] Using GB pages for direct mapping
[    0.000000] BRK [0x6dd3f000, 0x6dd3ffff] PGTABLE
[    0.000000] BRK [0x6dd40000, 0x6dd40fff] PGTABLE
[    0.000000] BRK [0x6dd41000, 0x6dd41fff] PGTABLE
[    0.000000] BRK [0x6dd42000, 0x6dd42fff] PGTABLE
[    0.000000] BRK [0x6dd43000, 0x6dd43fff] PGTABLE
[    0.000000] BRK [0x6dd44000, 0x6dd44fff] PGTABLE
[    0.000000] BRK [0x6dd45000, 0x6dd45fff] PGTABLE
[    0.000000] BRK [0x6dd46000, 0x6dd46fff] PGTABLE
[    0.000000] BRK [0x6dd47000, 0x6dd47fff] PGTABLE
[    0.000000] BRK [0x6dd48000, 0x6dd48fff] PGTABLE
[    0.000000] BRK [0x6dd49000, 0x6dd49fff] PGTABLE
[    0.000000] RAMDISK: [mem 0x31800000-0x34bf7fff]
[    0.000000] ACPI: Early table checksum verification disabled
[    0.000000] ACPI: RSDP 0x00000000DBB6D000 000024 (v02 HPQOEM)
[    0.000000] ACPI: XSDT 0x00000000DBB6D090 00009C (v01 HPQOEM SLIC-CPC 01072009 AMI  00010013)
[    0.000000] ACPI: FACP 0x00000000DBB852D8 00010C (v05 HPQOEM SLIC-CPC 01072009 AMI  00010013)
[    0.000000] ACPI: DSDT 0x00000000DBB6D1B8 01811B (v02 HPQOEM SLIC-CPC 0000A004 INTL 20120711)
[    0.000000] ACPI: FACS 0x00000000DBCF2F80 000040
[    0.000000] ACPI: APIC 0x00000000DBB853E8 000072 (v03 HPQOEM SLIC-CPC 01072009 AMI  00010013)
[    0.000000] ACPI: FPDT 0x00000000DBB85460 000044 (v01 HPQOEM SLIC-CPC 01072009 AMI  00010013)
[    0.000000] ACPI: FIDT 0x00000000DBB854A8 00009C (v01 HPQOEM SLIC-CPC 01072009 AMI  00010013)
[    0.000000] ACPI: TCPA 0x00000000DBB85548 000032 (v02 HPQOEM SLIC-CPC 00000001 MSFT 01000013)
[    0.000000] ACPI: SSDT 0x00000000DBB85580 000C7D (v02 HPQOEM SLIC-CPC 00001000 INTL 20120711)
[    0.000000] ACPI: SSDT 0x00000000DBB86200 000539 (v02 HPQOEM SLIC-CPC 00003000 INTL 20051117)
[    0.000000] ACPI: SSDT 0x00000000DBB86740 000B74 (v02 HPQOEM SLIC-CPC 00003000 INTL 20051117)
[    0.000000] ACPI: MCFG 0x00000000DBB872B8 00003C (v01 HPQOEM SLIC-CPC 01072009 MSFT 00000097)
[    0.000000] ACPI: HPET 0x00000000DBB872F8 000038 (v01 HPQOEM SLIC-CPC 01072009 AMI. 00000005)
[    0.000000] ACPI: SSDT 0x00000000DBB87330 00036D (v01 HPQOEM SLIC-CPC 00001000 INTL 20120711)
[    0.000000] ACPI: SSDT 0x00000000DBB876A0 005722 (v02 HPQOEM SLIC-CPC 00003000 INTL 20120711)
[    0.000000] ACPI: BGRT 0x00000000DBB8CDC8 000038 (v01 HPQOEM SLIC-CPC 01072009 AMI  00010013)
[    0.000000] ACPI: DMAR 0x00000000DBB8CE00 0000B8 (v01 HPQOEM SLIC-CPC 00000001 INTL 00000001)
[    0.000000] ACPI: DBGP 0x00000000DBB8CEB8 000034 (v01 HPQOEM SLIC-CPC 01072009 AMI  00010013)
[    0.000000] ACPI: Local APIC address 0xfee00000
[    0.000000] No NUMA configuration found
[    0.000000] Faking a node at [mem 0x0000000000000000-0x000000011edfffff]
[    0.000000] NODE_DATA(0) allocated [mem 0x11edd5000-0x11edfffff]
[    0.000000] tsc: Fast TSC calibration using PIT
[    0.000000] Zone ranges:
[    0.000000]   DMA      [mem 0x0000000000001000-0x0000000000ffffff]
[    0.000000]   DMA32    [mem 0x0000000001000000-0x00000000ffffffff]
[    0.000000]   Normal   [mem 0x0000000100000000-0x000000011edfffff]
[    0.000000]   Device   empty
[    0.000000] Movable zone start for each node
[    0.000000] Early memory node ranges
[    0.000000]   node   0: [mem 0x0000000000001000-0x0000000000057fff]
[    0.000000]   node   0: [mem 0x0000000000059000-0x000000000009efff]
[    0.000000]   node   0: [mem 0x0000000000100000-0x00000000c972cfff]
[    0.000000]   node   0: [mem 0x00000000c9734000-0x00000000ca217fff]
[    0.000000]   node   0: [mem 0x00000000ca4dd000-0x00000000dbafafff]
[    0.000000]   node   0: [mem 0x00000000dbfff000-0x00000000dbffffff]
[    0.000000]   node   0: [mem 0x0000000100000000-0x000000011edfffff]
[    0.000000] Initmem setup node 0 [mem 0x0000000000001000-0x000000011edfffff]
[    0.000000] On node 0 totalpages: 1025485
[    0.000000]   DMA zone: 64 pages used for memmap
[    0.000000]   DMA zone: 26 pages reserved
[    0.000000]   DMA zone: 3997 pages, LIFO batch:0
[    0.000000]   DMA32 zone: 13985 pages used for memmap
[    0.000000]   DMA32 zone: 895024 pages, LIFO batch:31
[    0.000000]   Normal zone: 1976 pages used for memmap
[    0.000000]   Normal zone: 126464 pages, LIFO batch:31
[    0.000000] Reserved but unavailable: 99 pages
[    0.000000] Reserving Intel graphics memory at 0x00000000dd200000-0x00000000df1fffff
[    0.000000] ACPI: PM-Timer IO Port: 0x1808
[    0.000000] ACPI: Local APIC address 0xfee00000
[    0.000000] ACPI: LAPIC_NMI (acpi_id[0xff] high edge lint[0x1])
[    0.000000] IOAPIC[0]: apic_id 8, version 32, address 0xfec00000, GSI 0-23
[    0.000000] ACPI: INT_SRC_OVR (bus 0 bus_irq 0 global_irq 2 dfl dfl)
[    0.000000] ACPI: INT_SRC_OVR (bus 0 bus_irq 9 global_irq 9 high level)
[    0.000000] ACPI: IRQ0 used by override.
[    0.000000] ACPI: IRQ9 used by override.
[    0.000000] Using ACPI (MADT) for SMP configuration information
[    0.000000] ACPI: HPET id: 0x8086a701 base: 0xfed00000
[    0.000000] smpboot: Allowing 4 CPUs, 0 hotplug CPUs
[    0.000000] PM: Registered nosave memory: [mem 0x00000000-0x00000fff]
[    0.000000] PM: Registered nosave memory: [mem 0x00058000-0x00058fff]
[    0.000000] PM: Registered nosave memory: [mem 0x0009f000-0x0009ffff]
[    0.000000] PM: Registered nosave memory: [mem 0x000a0000-0x000fffff]
[    0.000000] PM: Registered nosave memory: [mem 0xc972d000-0xc9733fff]
[    0.000000] PM: Registered nosave memory: [mem 0xca218000-0xca4dcfff]
[    0.000000] PM: Registered nosave memory: [mem 0xdbafb000-0xdbb63fff]
[    0.000000] PM: Registered nosave memory: [mem 0xdbb64000-0xdbb8cfff]
[    0.000000] PM: Registered nosave memory: [mem 0xdbb8d000-0xdbcf2fff]
[    0.000000] PM: Registered nosave memory: [mem 0xdbcf3000-0xdbf61fff]
[    0.000000] PM: Registered nosave memory: [mem 0xdbf62000-0xdbffefff]
[    0.000000] PM: Registered nosave memory: [mem 0xdc000000-0xdcffffff]
[    0.000000] PM: Registered nosave memory: [mem 0xdd000000-0xdf1fffff]
[    0.000000] PM: Registered nosave memory: [mem 0xdf200000-0xf7ffffff]
[    0.000000] PM: Registered nosave memory: [mem 0xf8000000-0xfbffffff]
[    0.000000] PM: Registered nosave memory: [mem 0xfc000000-0xfebfffff]
[    0.000000] PM: Registered nosave memory: [mem 0xfec00000-0xfec00fff]
[    0.000000] PM: Registered nosave memory: [mem 0xfec01000-0xfecfffff]
[    0.000000] PM: Registered nosave memory: [mem 0xfed00000-0xfed03fff]
[    0.000000] PM: Registered nosave memory: [mem 0xfed04000-0xfed1bfff]
[    0.000000] PM: Registered nosave memory: [mem 0xfed1c000-0xfed1ffff]
[    0.000000] PM: Registered nosave memory: [mem 0xfed20000-0xfedfffff]
[    0.000000] PM: Registered nosave memory: [mem 0xfee00000-0xfee00fff]
[    0.000000] PM: Registered nosave memory: [mem 0xfee01000-0xfeffffff]
[    0.000000] PM: Registered nosave memory: [mem 0xff000000-0xffffffff]
[    0.000000] e820: [mem 0xdf200000-0xf7ffffff] available for PCI devices
[    0.000000] Booting paravirtualized kernel on bare hardware
[    0.000000] clocksource: refined-jiffies: mask: 0xffffffff max_cycles: 0xffffffff, max_idle_ns: 7645519600211568 ns
[    0.000000] random: get_random_bytes called from start_kernel+0x99/0x51b with crng_init=0
[    0.000000] setup_percpu: NR_CPUS:8192 nr_cpumask_bits:4 nr_cpu_ids:4 nr_node_ids:1
[    0.000000] percpu: Embedded 46 pages/cpu @        (ptrval) s151552 r8192 d28672 u524288
[    0.000000] pcpu-alloc: s151552 r8192 d28672 u524288 alloc=1*2097152
[    0.000000] pcpu-alloc: [0] 0 1 2 3 
[    0.000000] Built 1 zonelists, mobility grouping on.  Total pages: 1009434
[    0.000000] Policy zone: Normal
[    0.000000] Kernel command line: BOOT_IMAGE=/boot/vmlinuz-4.15.0-34-generic root=UUID=f8ed63b8-2811-44a2-800c-cbceb628033d ro quiet splash vt.handoff=7
[    0.000000] Calgary: detecting Calgary via BIOS EBDA area
[    0.000000] Calgary: Unable to locate Rio Grande table in EBDA - bailing!
[    0.000000] Memory: 3659172K/4101940K available (12300K kernel code, 2470K rwdata, 4256K rodata, 2408K init, 2416K bss, 442768K reserved, 0K cma-reserved)
[    0.000000] SLUB: HWalign=64, Order=0-3, MinObjects=0, CPUs=4, Nodes=1
[    0.000000] Kernel/User page tables isolation: enabled
[    0.000000] ftrace: allocating 39153 entries in 153 pages
[    0.000000] Hierarchical RCU implementation.
[    0.000000] 	RCU restricting CPUs from NR_CPUS=8192 to nr_cpu_ids=4.
[    0.000000] 	Tasks RCU enabled.
[    0.000000] RCU: Adjusting geometry for rcu_fanout_leaf=16, nr_cpu_ids=4
[    0.000000] NR_IRQS: 524544, nr_irqs: 456, preallocated irqs: 16
[    0.000000] vt handoff: transparent VT on vt#7
[    0.000000] Console: colour dummy device 80x25
[    0.000000] console [tty0] enabled
[    0.000000] ACPI: Core revision 20170831
[    0.000000] ACPI: 6 ACPI AML tables successfully acquired and loaded
[    0.000000] clocksource: hpet: mask: 0xffffffff max_cycles: 0xffffffff, max_idle_ns: 133484882848 ns
[    0.000000] hpet clockevent registered
[    0.000000] APIC: Switch to symmetric I/O mode setup
[    0.000000] DMAR: Host address width 39
[    0.000000] DMAR: DRHD base: 0x000000fed90000 flags: 0x0
[    0.000000] DMAR: dmar0: reg_base_addr fed90000 ver 1:0 cap c0000020660462 ecap f0101a
[    0.000000] DMAR: DRHD base: 0x000000fed91000 flags: 0x1
[    0.000000] DMAR: dmar1: reg_base_addr fed91000 ver 1:0 cap d2008c20660462 ecap f010da
[    0.000000] DMAR: RMRR base: 0x000000dbea8000 end: 0x000000dbeb6fff
[    0.000000] DMAR: RMRR base: 0x000000dd000000 end: 0x000000df1fffff
[    0.000000] DMAR-IR: IOAPIC id 8 under DRHD base  0xfed91000 IOMMU 1
[    0.000000] DMAR-IR: HPET id 0 under DRHD base 0xfed91000
[    0.000000] DMAR-IR: x2apic is disabled because BIOS sets x2apic opt out bit.
[    0.000000] DMAR-IR: Use 'intremap=no_x2apic_optout' to override the BIOS setting.
[    0.000000] DMAR-IR: Enabled IRQ remapping in xapic mode
[    0.000000] x2apic: IRQ remapping doesn't support X2APIC mode
[    0.000000] ..TIMER: vector=0x30 apic1=0 pin1=2 apic2=-1 pin2=-1
[    0.020000] tsc: Fast TSC calibration using PIT
[    0.024000] tsc: Detected 3192.715 MHz processor
[    0.024000] Calibrating delay loop (skipped), value calculated using timer frequency.. 6385.43 BogoMIPS (lpj=12770860)
[    0.024000] pid_max: default: 32768 minimum: 301
[    0.024000] Security Framework initialized
[    0.024000] Yama: becoming mindful.
[    0.024000] AppArmor: AppArmor initialized
[    0.024000] Dentry cache hash table entries: 524288 (order: 10, 4194304 bytes)
[    0.024000] Inode-cache hash table entries: 262144 (order: 9, 2097152 bytes)
[    0.024000] Mount-cache hash table entries: 8192 (order: 4, 65536 bytes)
[    0.024000] Mountpoint-cache hash table entries: 8192 (order: 4, 65536 bytes)
[    0.024000] ENERGY_PERF_BIAS: Set to 'normal', was 'performance'
[    0.024000] ENERGY_PERF_BIAS: View and update with x86_energy_perf_policy(8)
[    0.024000] mce: CPU supports 9 MCE banks
[    0.024000] CPU0: Thermal monitoring enabled (TM1)
[    0.024000] process: using mwait in idle threads
[    0.024000] Last level iTLB entries: 4KB 1024, 2MB 1024, 4MB 1024
[    0.024000] Last level dTLB entries: 4KB 1024, 2MB 1024, 4MB 1024, 1GB 4
[    0.024000] Spectre V2 : Mitigation: Full generic retpoline
[    0.024000] Spectre V2 : Spectre v2 mitigation: Enabling Indirect Branch Prediction Barrier
[    0.024000] Spectre V2 : Enabling Restricted Speculation for firmware calls
[    0.024000] Speculative Store Bypass: Mitigation: Speculative Store Bypass disabled via prctl and seccomp
[    0.031657] Freeing SMP alternatives memory: 36K
[    0.036814] TSC deadline timer enabled
[    0.036816] smpboot: CPU0: Intel(R) Core(TM) i5-4570 CPU @ 3.20GHz (family: 0x6, model: 0x3c, stepping: 0x3)
[    0.036867] Performance Events: PEBS fmt2+, Haswell events, 16-deep LBR, full-width counters, Intel PMU driver.
[    0.036898] ... version:                3
[    0.036898] ... bit width:              48
[    0.036899] ... generic registers:      8
[    0.036899] ... value mask:             0000ffffffffffff
[    0.036900] ... max period:             00007fffffffffff
[    0.036900] ... fixed-purpose events:   3
[    0.036900] ... event mask:             00000007000000ff
[    0.036929] Hierarchical SRCU implementation.
[    0.037698] NMI watchdog: Enabled. Permanently consumes one hw-PMU counter.
[    0.037709] smp: Bringing up secondary CPUs ...
[    0.037759] x86: Booting SMP configuration:
[    0.037760] .... node  #0, CPUs:      #1 #2 #3
[    0.041523] smp: Brought up 1 node, 4 CPUs
[    0.041523] smpboot: Max logical packages: 1
[    0.041523] smpboot: Total of 4 processors activated (25541.72 BogoMIPS)
[    0.044150] devtmpfs: initialized
[    0.044150] x86/mm: Memory block size: 128MB
[    0.044304] evm: security.selinux
[    0.044305] evm: security.SMACK64
[    0.044305] evm: security.SMACK64EXEC
[    0.044305] evm: security.SMACK64TRANSMUTE
[    0.044306] evm: security.SMACK64MMAP
[    0.044306] evm: security.apparmor
[    0.044306] evm: security.ima
[    0.044307] evm: security.capability
[    0.044317] PM: Registering ACPI NVS region [mem 0xc972d000-0xc9733fff] (28672 bytes)
[    0.044317] PM: Registering ACPI NVS region [mem 0xdbb8d000-0xdbcf2fff] (1466368 bytes)
[    0.044317] clocksource: jiffies: mask: 0xffffffff max_cycles: 0xffffffff, max_idle_ns: 7645041785100000 ns
[    0.044317] futex hash table entries: 1024 (order: 4, 65536 bytes)
[    0.044317] pinctrl core: initialized pinctrl subsystem
[    0.044317] RTC time:  4:11:35, date: 09/26/18
[    0.044317] NET: Registered protocol family 16
[    0.044317] audit: initializing netlink subsys (disabled)
[    0.044317] audit: type=2000 audit(1537935095.044:1): state=initialized audit_enabled=0 res=1
[    0.044317] cpuidle: using governor ladder
[    0.044317] cpuidle: using governor menu
[    0.044317] ACPI FADT declares the system doesn't support PCIe ASPM, so disable it
[    0.044317] ACPI: bus type PCI registered
[    0.044317] acpiphp: ACPI Hot Plug PCI Controller Driver version: 0.5
[    0.044317] PCI: MMCONFIG for domain 0000 [bus 00-3f] at [mem 0xf8000000-0xfbffffff] (base 0xf8000000)
[    0.044317] PCI: MMCONFIG at [mem 0xf8000000-0xfbffffff] reserved in E820
[    0.044317] PCI: Using configuration type 1 for base access
[    0.044317] core: PMU erratum BJ122, BV98, HSD29 workaround disabled, HT off
[    0.044859] HugeTLB registered 1.00 GiB page size, pre-allocated 0 pages
[    0.044859] HugeTLB registered 2.00 MiB page size, pre-allocated 0 pages
[    0.044859] ACPI: Added _OSI(Module Device)
[    0.044859] ACPI: Added _OSI(Processor Device)
[    0.044859] ACPI: Added _OSI(3.0 _SCP Extensions)
[    0.044859] ACPI: Added _OSI(Processor Aggregator Device)
[    0.044859] ACPI: Added _OSI(Linux-Dell-Video)
[    0.044859] ACPI: Added _OSI(Linux-Lenovo-NV-HDMI-Audio)
[    0.044859] ACPI: Executed 6 blocks of module-level executable AML code
[    0.056175] ACPI: Dynamic OEM Table Load:
[    0.056175] ACPI: SSDT 0xFFFF9644D929EC00 0003D3 (v02 HPQOEM SLIC-CPC 00003001 INTL 20051117)
[    0.056336] ACPI: Dynamic OEM Table Load:
[    0.056340] ACPI: SSDT 0xFFFF9644D9076800 0005AA (v02 HPQOEM SLIC-CPC 00003000 INTL 20051117)
[    0.056764] ACPI: Dynamic OEM Table Load:
[    0.056764] ACPI: SSDT 0xFFFF9644D923A200 000119 (v02 HPQOEM SLIC-CPC 00003000 INTL 20051117)
[    0.056975] ACPI: Interpreter enabled
[    0.057006] ACPI: (supports S0 S3 S4 S5)
[    0.057006] ACPI: Using IOAPIC for interrupt routing
[    0.057036] PCI: Using host bridge windows from ACPI; if necessary, use "pci=nocrs" and report a bug
[    0.057288] ACPI: GPE 0x1E active on init
[    0.057293] ACPI: Enabled 8 GPEs in block 00 to 3F
[    0.057304] ACPI: Power Resource [PG00] (on)
[    0.057304] ACPI: Power Resource [PG01] (on)
[    0.057352] ACPI: Power Resource [PG02] (on)
[    0.062938] ACPI: Power Resource [WRST] (off)
[    0.063205] ACPI: Power Resource [WRST] (off)
[    0.063473] ACPI: Power Resource [WRST] (off)
[    0.063769] ACPI: Power Resource [WRST] (off)
[    0.064044] ACPI: Power Resource [WRST] (off)
[    0.064314] ACPI: Power Resource [WRST] (off)
[    0.064581] ACPI: Power Resource [WRST] (off)
[    0.064854] ACPI: Power Resource [WRST] (off)
[    0.068435] ACPI: Power Resource [FN00] (off)
[    0.068505] ACPI: Power Resource [FN01] (off)
[    0.068574] ACPI: Power Resource [FN02] (off)
[    0.068641] ACPI: Power Resource [FN03] (off)
[    0.068709] ACPI: Power Resource [FN04] (off)
[    0.069671] ACPI: PCI Root Bridge [PCI0] (domain 0000 [bus 00-3e])
[    0.069676] acpi PNP0A08:00: _OSC: OS supports [ExtendedConfig ASPM ClockPM Segments MSI]
[    0.070464] acpi PNP0A08:00: _OSC: OS now controls [PCIeHotplug PME AER PCIeCapability]
[    0.070465] acpi PNP0A08:00: FADT indicates ASPM is unsupported, using BIOS configuration
[    0.070794] acpi PNP0A08:00: host bridge window expanded to [mem 0xdf200000-0xfeafffff window]; [mem 0xfe101000-0xfe113fff window] ignored
[    0.070983] PCI host bridge to bus 0000:00
[    0.070985] pci_bus 0000:00: root bus resource [io  0x0000-0x0cf7 window]
[    0.070986] pci_bus 0000:00: root bus resource [io  0x0d00-0xffff window]
[    0.070987] pci_bus 0000:00: root bus resource [mem 0x000a0000-0x000bffff window]
[    0.070988] pci_bus 0000:00: root bus resource [mem 0x000d4000-0x000d7fff window]
[    0.070989] pci_bus 0000:00: root bus resource [mem 0x000d8000-0x000dbfff window]
[    0.070990] pci_bus 0000:00: root bus resource [mem 0x000dc000-0x000dffff window]
[    0.070991] pci_bus 0000:00: root bus resource [mem 0xdf200000-0xfeafffff window]
[    0.070992] pci_bus 0000:00: root bus resource [bus 00-3e]
[    0.070998] pci 0000:00:00.0: [8086:0c00] type 00 class 0x060000
[    0.071077] pci 0000:00:01.0: [8086:0c01] type 01 class 0x060400
[    0.071108] pci 0000:00:01.0: PME# supported from D0 D3hot D3cold
[    0.071211] pci 0000:00:02.0: [8086:0412] type 00 class 0x030000
[    0.071220] pci 0000:00:02.0: reg 0x10: [mem 0xf7800000-0xf7bfffff 64bit]
[    0.071225] pci 0000:00:02.0: reg 0x18: [mem 0xe0000000-0xefffffff 64bit pref]
[    0.071228] pci 0000:00:02.0: reg 0x20: [io  0xf000-0xf03f]
[    0.071239] pci 0000:00:02.0: BAR 2: assigned to efifb
[    0.071343] pci 0000:00:14.0: [8086:8c31] type 00 class 0x0c0330
[    0.071362] pci 0000:00:14.0: reg 0x10: [mem 0xf7d00000-0xf7d0ffff 64bit]
[    0.071417] pci 0000:00:14.0: PME# supported from D3hot D3cold
[    0.071481] pci 0000:00:16.0: [8086:8c3a] type 00 class 0x078000
[    0.071500] pci 0000:00:16.0: reg 0x10: [mem 0xf7d1a000-0xf7d1a00f 64bit]
[    0.071557] pci 0000:00:16.0: PME# supported from D0 D3hot D3cold
[    0.071663] pci 0000:00:1a.0: [8086:8c2d] type 00 class 0x0c0320
[    0.071682] pci 0000:00:1a.0: reg 0x10: [mem 0xf7d17000-0xf7d173ff]
[    0.071758] pci 0000:00:1a.0: PME# supported from D0 D3hot D3cold
[    0.071825] pci 0000:00:1b.0: [8086:8c20] type 00 class 0x040300
[    0.071841] pci 0000:00:1b.0: reg 0x10: [mem 0xf7d10000-0xf7d13fff 64bit]
[    0.071895] pci 0000:00:1b.0: PME# supported from D0 D3hot D3cold
[    0.071991] pci 0000:00:1c.0: [8086:8c16] type 01 class 0x060400
[    0.072058] pci 0000:00:1c.0: PME# supported from D0 D3hot D3cold
[    0.072182] pci 0000:00:1c.4: [8086:8c18] type 01 class 0x060400
[    0.072247] pci 0000:00:1c.4: PME# supported from D0 D3hot D3cold
[    0.072371] pci 0000:00:1d.0: [8086:8c26] type 00 class 0x0c0320
[    0.072391] pci 0000:00:1d.0: reg 0x10: [mem 0xf7d16000-0xf7d163ff]
[    0.072467] pci 0000:00:1d.0: PME# supported from D0 D3hot D3cold
[    0.072534] pci 0000:00:1f.0: [8086:8c4c] type 00 class 0x060100
[    0.072690] pci 0000:00:1f.2: [8086:8c02] type 00 class 0x010601
[    0.072704] pci 0000:00:1f.2: reg 0x10: [io  0xf0b0-0xf0b7]
[    0.072711] pci 0000:00:1f.2: reg 0x14: [io  0xf0a0-0xf0a3]
[    0.072717] pci 0000:00:1f.2: reg 0x18: [io  0xf090-0xf097]
[    0.072723] pci 0000:00:1f.2: reg 0x1c: [io  0xf080-0xf083]
[    0.072730] pci 0000:00:1f.2: reg 0x20: [io  0xf060-0xf07f]
[    0.072736] pci 0000:00:1f.2: reg 0x24: [mem 0xf7d15000-0xf7d157ff]
[    0.072768] pci 0000:00:1f.2: PME# supported from D3hot
[    0.072829] pci 0000:00:1f.3: [8086:8c22] type 00 class 0x0c0500
[    0.072845] pci 0000:00:1f.3: reg 0x10: [mem 0xf7d14000-0xf7d140ff 64bit]
[    0.072863] pci 0000:00:1f.3: reg 0x20: [io  0xf040-0xf05f]
[    0.072961] pci 0000:00:01.0: PCI bridge to [bus 01]
[    0.073027] pci 0000:02:00.0: [10ec:8168] type 00 class 0x020000
[    0.073056] pci 0000:02:00.0: reg 0x10: [io  0xe000-0xe0ff]
[    0.073083] pci 0000:02:00.0: reg 0x18: [mem 0xf7c00000-0xf7c00fff 64bit]
[    0.073100] pci 0000:02:00.0: reg 0x20: [mem 0xf0000000-0xf0003fff 64bit pref]
[    0.073196] pci 0000:02:00.0: supports D1 D2
[    0.073197] pci 0000:02:00.0: PME# supported from D0 D1 D2 D3hot D3cold
[    0.084032] pci 0000:00:1c.0: PCI bridge to [bus 02]
[    0.084035] pci 0000:00:1c.0:   bridge window [io  0xe000-0xefff]
[    0.084038] pci 0000:00:1c.0:   bridge window [mem 0xf7c00000-0xf7cfffff]
[    0.084043] pci 0000:00:1c.0:   bridge window [mem 0xf0000000-0xf00fffff 64bit pref]
[    0.084140] pci 0000:03:00.0: [1283:8893] type 01 class 0x060401
[    0.084518] pci 0000:03:00.0: supports D1 D2
[    0.084519] pci 0000:03:00.0: PME# supported from D0 D1 D2 D3hot D3cold
[    0.084614] pci 0000:00:1c.4: PCI bridge to [bus 03-04]
[    0.084752] pci 0000:03:00.0: PCI bridge to [bus 04] (subtractive decode)
[    0.085524] ACPI: PCI Interrupt Link [LNKA] (IRQs 3 4 5 6 10 *11 12 14 15)
[    0.085582] ACPI: PCI Interrupt Link [LNKB] (IRQs 3 4 *5 6 10 11 12 14 15)
[    0.085638] ACPI: PCI Interrupt Link [LNKC] (IRQs 3 4 5 6 10 *11 12 14 15)
[    0.085693] ACPI: PCI Interrupt Link [LNKD] (IRQs 3 4 5 6 *10 11 12 14 15)
[    0.085748] ACPI: PCI Interrupt Link [LNKE] (IRQs 3 4 5 6 10 11 12 14 15) *0, disabled.
[    0.085804] ACPI: PCI Interrupt Link [LNKF] (IRQs 3 4 5 6 10 11 12 14 15) *0, disabled.
[    0.085860] ACPI: PCI Interrupt Link [LNKG] (IRQs *3 4 5 6 10 11 12 14 15)
[    0.085915] ACPI: PCI Interrupt Link [LNKH] (IRQs 3 *4 5 6 10 11 12 14 15)
[    0.086394] SCSI subsystem initialized
[    0.086402] libata version 3.00 loaded.
[    0.086402] pci 0000:00:02.0: vgaarb: setting as boot VGA device
[    0.086402] pci 0000:00:02.0: vgaarb: VGA device added: decodes=io+mem,owns=io+mem,locks=none
[    0.086402] pci 0000:00:02.0: vgaarb: bridge control possible
[    0.086402] vgaarb: loaded
[    0.086402] ACPI: bus type USB registered
[    0.086402] usbcore: registered new interface driver usbfs
[    0.086402] usbcore: registered new interface driver hub
[    0.086402] usbcore: registered new device driver usb
[    0.086402] EDAC MC: Ver: 3.0.0
[    0.086402] Registered efivars operations
[    0.092018] PCI: Using ACPI for IRQ routing
[    0.093236] PCI: pci_cache_line_size set to 64 bytes
[    0.093271] e820: reserve RAM buffer [mem 0x00058000-0x0005ffff]
[    0.093272] e820: reserve RAM buffer [mem 0x0009f000-0x0009ffff]
[    0.093273] e820: reserve RAM buffer [mem 0xc972d000-0xcbffffff]
[    0.093273] e820: reserve RAM buffer [mem 0xca218000-0xcbffffff]
[    0.093274] e820: reserve RAM buffer [mem 0xdbafb000-0xdbffffff]
[    0.093275] e820: reserve RAM buffer [mem 0x11ee00000-0x11fffffff]
[    0.093340] NetLabel: Initializing
[    0.093341] NetLabel:  domain hash size = 128
[    0.093341] NetLabel:  protocols = UNLABELED CIPSOv4 CALIPSO
[    0.093351] NetLabel:  unlabeled traffic allowed by default
[    0.093361] hpet0: at MMIO 0xfed00000, IRQs 2, 8, 0, 0, 0, 0, 0, 0
[    0.093361] hpet0: 8 comparators, 64-bit 14.318180 MHz counter
[    0.094303] clocksource: Switched to clocksource hpet
[    0.099534] VFS: Disk quotas dquot_6.6.0
[    0.099548] VFS: Dquot-cache hash table entries: 512 (order 0, 4096 bytes)
[    0.099629] AppArmor: AppArmor Filesystem Enabled
[    0.099653] pnp: PnP ACPI init
[    0.099894] system 00:00: [io  0x0800-0x087f] has been reserved
[    0.099899] system 00:00: Plug and Play ACPI device, IDs PNP0c02 (active)
[    0.099918] pnp 00:01: Plug and Play ACPI device, IDs PNP0b00 (active)
[    0.099950] system 00:02: [io  0x1854-0x1857] has been reserved
[    0.099953] system 00:02: Plug and Play ACPI device, IDs INT3f0d PNP0c02 (active)
[    0.100171] system 00:03: [io  0x0a00-0x0a0f] has been reserved
[    0.100172] system 00:03: [io  0x0a10-0x0a1f] has been reserved
[    0.100173] system 00:03: [io  0x0a20-0x0a2f] has been reserved
[    0.100174] system 00:03: [io  0x0a30-0x0a3f] has been reserved
[    0.100177] system 00:03: Plug and Play ACPI device, IDs PNP0c02 (active)
[    0.100251] system 00:04: [io  0x04d0-0x04d1] has been reserved
[    0.100254] system 00:04: Plug and Play ACPI device, IDs PNP0c02 (active)
[    0.100284] pnp 00:05: Plug and Play ACPI device, IDs PNP0c31 (active)
[    0.100526] system 00:06: [mem 0xfed1c000-0xfed1ffff] has been reserved
[    0.100527] system 00:06: [mem 0xfed10000-0xfed17fff] has been reserved
[    0.100529] system 00:06: [mem 0xfed18000-0xfed18fff] has been reserved
[    0.100530] system 00:06: [mem 0xfed19000-0xfed19fff] has been reserved
[    0.100531] system 00:06: [mem 0xf8000000-0xfbffffff] has been reserved
[    0.100532] system 00:06: [mem 0xfed20000-0xfed3ffff] has been reserved
[    0.100533] system 00:06: [mem 0xfed90000-0xfed93fff] could not be reserved
[    0.100535] system 00:06: [mem 0xfed45000-0xfed8ffff] has been reserved
[    0.100536] system 00:06: [mem 0xff000000-0xffffffff] has been reserved
[    0.100537] system 00:06: [mem 0xfee00000-0xfeefffff] could not be reserved
[    0.100538] system 00:06: [mem 0xf7fe0000-0xf7feffff] has been reserved
[    0.100539] system 00:06: [mem 0xf7ff0000-0xf7ffffff] has been reserved
[    0.100542] system 00:06: Plug and Play ACPI device, IDs PNP0c02 (active)
[    0.100765] pnp: PnP ACPI: found 7 devices
[    0.106499] clocksource: acpi_pm: mask: 0xffffff max_cycles: 0xffffff, max_idle_ns: 2085701024 ns
[    0.106533] pci 0000:00:01.0: PCI bridge to [bus 01]
[    0.106539] pci 0000:00:1c.0: PCI bridge to [bus 02]
[    0.106541] pci 0000:00:1c.0:   bridge window [io  0xe000-0xefff]
[    0.106545] pci 0000:00:1c.0:   bridge window [mem 0xf7c00000-0xf7cfffff]
[    0.106548] pci 0000:00:1c.0:   bridge window [mem 0xf0000000-0xf00fffff 64bit pref]
[    0.106553] pci 0000:03:00.0: PCI bridge to [bus 04]
[    0.106576] pci 0000:00:1c.4: PCI bridge to [bus 03-04]
[    0.106585] pci_bus 0000:00: resource 4 [io  0x0000-0x0cf7 window]
[    0.106586] pci_bus 0000:00: resource 5 [io  0x0d00-0xffff window]
[    0.106587] pci_bus 0000:00: resource 6 [mem 0x000a0000-0x000bffff window]
[    0.106588] pci_bus 0000:00: resource 7 [mem 0x000d4000-0x000d7fff window]
[    0.106589] pci_bus 0000:00: resource 8 [mem 0x000d8000-0x000dbfff window]
[    0.106590] pci_bus 0000:00: resource 9 [mem 0x000dc000-0x000dffff window]
[    0.106592] pci_bus 0000:00: resource 10 [mem 0xdf200000-0xfeafffff window]
[    0.106593] pci_bus 0000:02: resource 0 [io  0xe000-0xefff]
[    0.106594] pci_bus 0000:02: resource 1 [mem 0xf7c00000-0xf7cfffff]
[    0.106595] pci_bus 0000:02: resource 2 [mem 0xf0000000-0xf00fffff 64bit pref]
[    0.106696] NET: Registered protocol family 2
[    0.106858] TCP established hash table entries: 32768 (order: 6, 262144 bytes)
[    0.106920] TCP bind hash table entries: 32768 (order: 7, 524288 bytes)
[    0.107017] TCP: Hash tables configured (established 32768 bind 32768)
[    0.107041] UDP hash table entries: 2048 (order: 4, 65536 bytes)
[    0.107057] UDP-Lite hash table entries: 2048 (order: 4, 65536 bytes)
[    0.107093] NET: Registered protocol family 1
[    0.107103] pci 0000:00:02.0: Video device with shadowed ROM at [mem 0x000c0000-0x000dffff]
[    0.107525] PCI: CLS 64 bytes, default 64
[    0.107551] Unpacking initramfs...
[    0.683789] Freeing initrd memory: 53216K
[    0.683836] PCI-DMA: Using software bounce buffering for IO (SWIOTLB)
[    0.683839] software IO TLB [mem 0xc572d000-0xc972d000] (64MB) mapped at [        (ptrval)-        (ptrval)]
[    0.684070] Scanning for low memory corruption every 60 seconds
[    0.684552] Initialise system trusted keyrings
[    0.684559] Key type blacklist registered
[    0.684580] workingset: timestamp_bits=36 max_order=20 bucket_order=0
[    0.685357] zbud: loaded
[    0.685699] squashfs: version 4.0 (2009/01/31) Phillip Lougher
[    0.685788] fuse init (API version 7.26)
[    0.686768] Key type asymmetric registered
[    0.686768] Asymmetric key parser 'x509' registered
[    0.686786] Block layer SCSI generic (bsg) driver version 0.4 loaded (major 246)
[    0.686816] io scheduler noop registered
[    0.686816] io scheduler deadline registered
[    0.686842] io scheduler cfq registered (default)
[    0.687367] pcieport 0000:00:01.0: Signaling PME with IRQ 26
[    0.687382] pcieport 0000:00:1c.0: Signaling PME with IRQ 27
[    0.687395] pcieport 0000:00:1c.4: Signaling PME with IRQ 28
[    0.687439] efifb: probing for efifb
[    0.687445] efifb: framebuffer at 0xe0000000, using 1920k, total 1920k
[    0.687446] efifb: mode is 800x600x32, linelength=3200, pages=1
[    0.687446] efifb: scrolling: redraw
[    0.687448] efifb: Truecolor: size=8:8:8:8, shift=24:16:8:0
[    0.687497] Console: switching to colour frame buffer device 100x37
[    0.687505] fb0: EFI VGA frame buffer device
[    0.687512] intel_idle: MWAIT substates: 0x42120
[    0.687513] intel_idle: v0.4.1 model 0x3C
[    0.687612] intel_idle: lapic_timer_reliable_states 0xffffffff
[    0.687690] input: Power Button as /devices/LNXSYSTM:00/LNXSYBUS:00/PNP0C0C:00/input/input0
[    0.687712] ACPI: Power Button [PWRB]
[    0.687735] input: Sleep Button as /devices/LNXSYSTM:00/LNXSYBUS:00/PNP0C0E:00/input/input1
[    0.687741] ACPI: Sleep Button [SLPB]
[    0.687763] input: Power Button as /devices/LNXSYSTM:00/LNXPWRBN:00/input/input2
[    0.687777] ACPI: Power Button [PWRF]
[    0.688507] (NULL device *): hwmon_device_register() is deprecated. Please convert the driver to use hwmon_device_register_with_info().
[    0.688657] thermal LNXTHERM:00: registered as thermal_zone0
[    0.688658] ACPI: Thermal Zone [TZ00] (28 C)
[    0.688884] thermal LNXTHERM:01: registered as thermal_zone1
[    0.688885] ACPI: Thermal Zone [TZ01] (30 C)
[    0.689004] Serial: 8250/16550 driver, 32 ports, IRQ sharing enabled
[    0.690461] Linux agpgart interface v0.103
[    0.722658] tpm_tis 00:05: 1.2 TPM (device-id 0xB, rev-id 16)
[    0.853470] loop: module loaded
[    0.853597] libphy: Fixed MDIO Bus: probed
[    0.853597] tun: Universal TUN/TAP device driver, 1.6
[    0.853621] PPP generic driver version 2.4.2
[    0.853648] ehci_hcd: USB 2.0 'Enhanced' Host Controller (EHCI) Driver
[    0.853650] ehci-pci: EHCI PCI platform driver
[    0.853767] ehci-pci 0000:00:1a.0: EHCI Host Controller
[    0.853771] ehci-pci 0000:00:1a.0: new USB bus registered, assigned bus number 1
[    0.853781] ehci-pci 0000:00:1a.0: debug port 2
[    0.857669] ehci-pci 0000:00:1a.0: cache line size of 64 is not supported
[    0.857681] ehci-pci 0000:00:1a.0: irq 16, io mem 0xf7d17000
[    0.872014] ehci-pci 0000:00:1a.0: USB 2.0 started, EHCI 1.00
[    0.872038] usb usb1: New USB device found, idVendor=1d6b, idProduct=0002
[    0.872039] usb usb1: New USB device strings: Mfr=3, Product=2, SerialNumber=1
[    0.872040] usb usb1: Product: EHCI Host Controller
[    0.872041] usb usb1: Manufacturer: Linux 4.15.0-34-generic ehci_hcd
[    0.872042] usb usb1: SerialNumber: 0000:00:1a.0
[    0.872198] hub 1-0:1.0: USB hub found
[    0.872202] hub 1-0:1.0: 2 ports detected
[    0.872382] ehci-pci 0000:00:1d.0: EHCI Host Controller
[    0.872385] ehci-pci 0000:00:1d.0: new USB bus registered, assigned bus number 2
[    0.872393] ehci-pci 0000:00:1d.0: debug port 2
[    0.876285] ehci-pci 0000:00:1d.0: cache line size of 64 is not supported
[    0.876293] ehci-pci 0000:00:1d.0: irq 23, io mem 0xf7d16000
[    0.892069] ehci-pci 0000:00:1d.0: USB 2.0 started, EHCI 1.00
[    0.892110] usb usb2: New USB device found, idVendor=1d6b, idProduct=0002
[    0.892111] usb usb2: New USB device strings: Mfr=3, Product=2, SerialNumber=1
[    0.892112] usb usb2: Product: EHCI Host Controller
[    0.892113] usb usb2: Manufacturer: Linux 4.15.0-34-generic ehci_hcd
[    0.892114] usb usb2: SerialNumber: 0000:00:1d.0
[    0.892295] hub 2-0:1.0: USB hub found
[    0.892299] hub 2-0:1.0: 2 ports detected
[    0.892424] ehci-platform: EHCI generic platform driver
[    0.892437] ohci_hcd: USB 1.1 'Open' Host Controller (OHCI) Driver
[    0.892439] ohci-pci: OHCI PCI platform driver
[    0.892446] ohci-platform: OHCI generic platform driver
[    0.892450] uhci_hcd: USB Universal Host Controller Interface driver
[    0.892577] xhci_hcd 0000:00:14.0: xHCI Host Controller
[    0.892581] xhci_hcd 0000:00:14.0: new USB bus registered, assigned bus number 3
[    0.893653] xhci_hcd 0000:00:14.0: hcc params 0x200077c1 hci version 0x100 quirks 0x00009810
[    0.893658] xhci_hcd 0000:00:14.0: cache line size of 64 is not supported
[    0.893761] usb usb3: New USB device found, idVendor=1d6b, idProduct=0002
[    0.893762] usb usb3: New USB device strings: Mfr=3, Product=2, SerialNumber=1
[    0.893763] usb usb3: Product: xHCI Host Controller
[    0.893764] usb usb3: Manufacturer: Linux 4.15.0-34-generic xhci-hcd
[    0.893765] usb usb3: SerialNumber: 0000:00:14.0
[    0.893913] hub 3-0:1.0: USB hub found
[    0.893928] hub 3-0:1.0: 14 ports detected
[    0.897372] xhci_hcd 0000:00:14.0: xHCI Host Controller
[    0.897375] xhci_hcd 0000:00:14.0: new USB bus registered, assigned bus number 4
[    0.897377] xhci_hcd 0000:00:14.0: Host supports USB 3.0  SuperSpeed
[    0.897403] usb usb4: New USB device found, idVendor=1d6b, idProduct=0003
[    0.897404] usb usb4: New USB device strings: Mfr=3, Product=2, SerialNumber=1
[    0.897405] usb usb4: Product: xHCI Host Controller
[    0.897406] usb usb4: Manufacturer: Linux 4.15.0-34-generic xhci-hcd
[    0.897407] usb usb4: SerialNumber: 0000:00:14.0
[    0.897555] hub 4-0:1.0: USB hub found
[    0.897566] hub 4-0:1.0: 6 ports detected
[    0.898622] usb: port power management may be unreliable
[    0.899243] i8042: PNP: No PS/2 controller found.
[    0.899455] mousedev: PS/2 mouse device common for all mice
[    0.899629] rtc_cmos 00:01: RTC can wake from S4
[    0.899751] rtc_cmos 00:01: rtc core: registered rtc_cmos as rtc0
[    0.899776] rtc_cmos 00:01: alarms up to one month, y3k, 242 bytes nvram, hpet irqs
[    0.899781] i2c /dev entries driver
[    0.899814] device-mapper: uevent: version 1.0.3
[    0.899875] device-mapper: ioctl: 4.37.0-ioctl (2017-09-20) initialised: dm-devel@redhat.com
[    0.899879] intel_pstate: Intel P-state driver initializing
[    0.900044] ledtrig-cpu: registered to indicate activity on CPUs
[    0.900045] EFI Variables Facility v0.08 2004-May-17
[    0.905402] NET: Registered protocol family 10
[    0.908489] Segment Routing with IPv6
[    0.908500] NET: Registered protocol family 17
[    0.908567] Key type dns_resolver registered
[    0.908880] RAS: Correctable Errors collector initialized.
[    0.908920] microcode: sig=0x306c3, pf=0x2, revision=0x25
[    0.909007] microcode: Microcode Update Driver: v2.2.
[    0.909013] sched_clock: Marking stable (909005360, 0)->(889234176, 19771184)
[    0.909173] registered taskstats version 1
[    0.909179] Loading compiled-in X.509 certificates
[    0.910942] Loaded X.509 cert 'Build time autogenerated kernel key: 8913afd7ddd720f2373ea1fd4682d5c61bc68142'
[    0.911186] Loaded UEFI:db cert 'Hewlett-Packard Company: HP UEFI Secure Boot 2013 DB key: 1d7cf2c2b92673f69c8ee1ec7063967ab9b62bec' linked to secondary sys keyring
[    0.911202] Loaded UEFI:db cert 'Microsoft Windows Production PCA 2011: a92902398e16c49778cd90f99e4f9ae17c55af53' linked to secondary sys keyring
[    0.911218] Loaded UEFI:db cert 'Microsoft Corporation UEFI CA 2011: 13adbf4309bd82709c8cd54f316ed522988a1bd4' linked to secondary sys keyring
[    0.912944] Loaded UEFI:MokListRT cert 'Canonical Ltd. Master Certificate Authority: ad91990bc22ab1f517048c23b6655a268e345a63' linked to secondary sys keyring
[    0.913050] zswap: loaded using pool lzo/zbud
[    0.915540] Key type big_key registered
[    0.915542] Key type trusted registered
[    0.916819] Key type encrypted registered
[    0.916821] AppArmor: AppArmor sha1 policy hashing enabled
[    0.943682] ima: Allocated hash algorithm: sha1
[    1.208049] usb 1-1: new high-speed USB device number 2 using ehci-pci
[    1.228045] usb 2-1: new high-speed USB device number 2 using ehci-pci
[    1.232039] usb 3-13: new low-speed USB device number 2 using xhci_hcd
[    1.238312] evm: HMAC attrs: 0x1
[    1.238838]   Magic number: 2:12:162
[    1.238884] acpi device:29: hash matches
[    1.238955] rtc_cmos 00:01: setting system clock to 2018-09-26 04:11:36 UTC (1537935096)
[    1.239053] BIOS EDD facility v0.16 2004-Jun-25, 0 devices found
[    1.239053] EDD information not available.
[    1.364373] usb 1-1: New USB device found, idVendor=8087, idProduct=8008
[    1.364374] usb 1-1: New USB device strings: Mfr=0, Product=0, SerialNumber=0
[    1.364632] hub 1-1:1.0: USB hub found
[    1.364738] hub 1-1:1.0: 6 ports detected
[    1.384333] usb 2-1: New USB device found, idVendor=8087, idProduct=8000
[    1.384334] usb 2-1: New USB device strings: Mfr=0, Product=0, SerialNumber=0
[    1.384491] hub 2-1:1.0: USB hub found
[    1.384578] hub 2-1:1.0: 8 ports detected
[    1.387682] usb 3-13: New USB device found, idVendor=04ca, idProduct=004b
[    1.387693] usb 3-13: New USB device strings: Mfr=1, Product=2, SerialNumber=0
[    1.387694] usb 3-13: Product: USB Keyboard
[    1.387695] usb 3-13: Manufacturer: Lite-On Technology Corp.
[    1.505365] Freeing unused kernel memory: 2408K
[    1.512042] Write protecting the kernel read-only data: 20480k
[    1.512907] Freeing unused kernel memory: 2008K
[    1.515661] Freeing unused kernel memory: 1888K
[    1.516020] usb 3-14: new low-speed USB device number 3 using xhci_hcd
[    1.520510] x86/mm: Checked W+X mappings: passed, no W+X pages found.
[    1.520510] x86/mm: Checking user space page tables
[    1.525199] x86/mm: Checked W+X mappings: passed, no W+X pages found.
[    1.532638] random: systemd-udevd: uninitialized urandom read (16 bytes read)
[    1.532694] random: systemd-udevd: uninitialized urandom read (16 bytes read)
[    1.532702] random: systemd-udevd: uninitialized urandom read (16 bytes read)
[    1.570464] r8169 Gigabit Ethernet driver 2.3LK-NAPI loaded
[    1.570472] r8169 0000:02:00.0: can't disable ASPM; OS doesn't have ASPM control
[    1.571741] ahci 0000:00:1f.2: version 3.0
[    1.571891] ahci 0000:00:1f.2: AHCI 0001.0300 32 slots 6 ports 6 Gbps 0x5 impl SATA mode
[    1.571893] ahci 0000:00:1f.2: flags: 64bit ncq pm led clo pio slum part ems apst 
[    1.581015] r8169 0000:02:00.0 eth0: RTL8168g/8111g at 0x        (ptrval), 50:65:f3:3a:d5:ab, XID 0c000800 IRQ 31
[    1.581016] r8169 0000:02:00.0 eth0: jumbo features [frames: 9200 bytes, tx checksumming: ko]
[    1.584031] scsi host0: ahci
[    1.585146] scsi host1: ahci
[    1.585207] r8169 0000:02:00.0 enp2s0: renamed from eth0
[    1.585905] scsi host2: ahci
[    1.585997] scsi host3: ahci
[    1.586092] scsi host4: ahci
[    1.586156] scsi host5: ahci
[    1.586182] ata1: SATA max UDMA/133 abar m2048@0xf7d15000 port 0xf7d15100 irq 30
[    1.586182] ata2: DUMMY
[    1.586185] ata3: SATA max UDMA/133 abar m2048@0xf7d15000 port 0xf7d15200 irq 30
[    1.586185] ata4: DUMMY
[    1.586186] ata5: DUMMY
[    1.586186] ata6: DUMMY
[    1.616206] [drm] Memory usable by graphics device = 2048M
[    1.616208] checking generic (e0000000 1e0000) vs hw (e0000000 10000000)
[    1.616209] fb: switching to inteldrmfb from EFI VGA
[    1.616224] Console: switching to colour dummy device 80x25
[    1.616273] [drm] Replacing VGA console driver
[    1.622090] [drm] Supports vblank timestamp caching Rev 2 (21.10.2013).
[    1.622090] [drm] Driver supports precise vblank timestamp query.
[    1.624050] i915 0000:00:02.0: vgaarb: changed VGA decodes: olddecodes=io+mem,decodes=io+mem:owns=io+mem
[    1.627300] [drm] Initialized i915 1.6.0 20171023 for 0000:00:02.0 on minor 0
[    1.628523] ACPI: Video Device [GFX0] (multi-head: yes  rom: no  post: no)
[    1.628713] input: Video Bus as /devices/LNXSYSTM:00/LNXSYBUS:00/PNP0A08:00/LNXVIDEO:00/input/input3
[    1.667746] usb 3-14: New USB device found, idVendor=0461, idProduct=4d0f
[    1.667747] usb 3-14: New USB device strings: Mfr=1, Product=2, SerialNumber=0
[    1.667749] usb 3-14: Product: USB Optical Mouse
[    1.667750] usb 3-14: Manufacturer: PixArt
[    1.671109] hidraw: raw HID events driver (C) Jiri Kosina
[    1.676542] fbcon: inteldrmfb (fb0) is primary device
[    1.676580] Console: switching to colour frame buffer device 170x48
[    1.676593] i915 0000:00:02.0: fb0: inteldrmfb frame buffer device
[    1.679473] usbcore: registered new interface driver usbhid
[    1.679473] usbhid: USB HID core driver
[    1.680524] input: Lite-On Technology Corp. USB Keyboard as /devices/pci0000:00/0000:00:14.0/usb3/3-13/3-13:1.0/0003:04CA:004B.0001/input/input4
[    1.692055] tsc: Refined TSC clocksource calibration: 3192.609 MHz
[    1.692062] clocksource: tsc: mask: 0xffffffffffffffff max_cycles: 0x2e0504810d3, max_idle_ns: 440795349866 ns
[    1.740241] hid-generic 0003:04CA:004B.0001: input,hidraw0: USB HID v1.10 Keyboard [Lite-On Technology Corp. USB Keyboard] on usb-0000:00:14.0-13/input0
[    1.740375] input: Lite-On Technology Corp. USB Keyboard as /devices/pci0000:00/0000:00:14.0/usb3/3-13/3-13:1.1/0003:04CA:004B.0002/input/input5
[    1.800254] hid-generic 0003:04CA:004B.0002: input,hidraw1: USB HID v1.10 Device [Lite-On Technology Corp. USB Keyboard] on usb-0000:00:14.0-13/input1
[    1.800352] input: PixArt USB Optical Mouse as /devices/pci0000:00/0000:00:14.0/usb3/3-14/3-14:1.0/0003:0461:4D0F.0003/input/input6
[    1.800531] hid-generic 0003:0461:4D0F.0003: input,hidraw2: USB HID v1.11 Mouse [PixArt USB Optical Mouse] on usb-0000:00:14.0-14/input0
[    1.899338] ata1: SATA link up 6.0 Gbps (SStatus 133 SControl 300)
[    1.899355] ata3: SATA link up 1.5 Gbps (SStatus 113 SControl 300)
[    1.900655] ata3.00: ATAPI: hp      DVD-RAM GHD0N, RM00, max UDMA/100
[    1.900706] ata1.00: ATA-9: TOSHIBA DT01ACA100, MS2OA7C0, max UDMA/133
[    1.900708] ata1.00: 1953525168 sectors, multi 16: LBA48 NCQ (depth 31/32), AA
[    1.902178] ata3.00: configured for UDMA/100
[    1.902184] ata1.00: configured for UDMA/133
[    1.902410] scsi 0:0:0:0: Direct-Access     ATA      TOSHIBA DT01ACA1 A7C0 PQ: 0 ANSI: 5
[    1.902707] sd 0:0:0:0: [sda] 1953525168 512-byte logical blocks: (1.00 TB/932 GiB)
[    1.902709] sd 0:0:0:0: [sda] 4096-byte physical blocks
[    1.902714] sd 0:0:0:0: [sda] Write Protect is off
[    1.902715] sd 0:0:0:0: [sda] Mode Sense: 00 3a 00 00
[    1.902722] sd 0:0:0:0: [sda] Write cache: enabled, read cache: enabled, doesn't support DPO or FUA
[    1.902743] sd 0:0:0:0: Attached scsi generic sg0 type 0
[    1.903612] scsi 2:0:0:0: CD-ROM            hp       DVD-RAM GHD0N    RM00 PQ: 0 ANSI: 5
[    1.955777]  sda: sda1 sda2 sda3 sda4 sda5 sda6 sda7 sda8
[    1.956285] sd 0:0:0:0: [sda] Attached SCSI disk
[    1.970873] sr 2:0:0:0: [sr0] scsi3-mmc drive: 40x/12x writer dvd-ram cd/rw xa/form2 cdda tray
[    1.970874] cdrom: Uniform CD-ROM driver Revision: 3.20
[    1.970983] sr 2:0:0:0: Attached scsi CD-ROM sr0
[    1.971035] sr 2:0:0:0: Attached scsi generic sg1 type 5
[    2.716241] clocksource: Switched to clocksource tsc
[    2.956942] random: fast init done
[    3.221215] EXT4-fs (sda7): mounted filesystem with ordered data mode. Opts: (null)
[    4.124811] systemd[1]: systemd 229 running in system mode. (+PAM +AUDIT +SELINUX +IMA +APPARMOR +SMACK +SYSVINIT +UTMP +LIBCRYPTSETUP +GCRYPT +GNUTLS +ACL +XZ -LZ4 +SECCOMP +BLKID +ELFUTILS +KMOD -IDN)
[    4.144087] systemd[1]: Detected architecture x86-64.
[    4.148727] systemd[1]: Set hostname to <ubuntu-HP-406-G1-MT>.
[    4.330890] random: crng init done
[    4.330891] random: 7 urandom warning(s) missed due to ratelimiting
[    5.416260] systemd[1]: Listening on fsck to fsckd communication Socket.
[    5.416351] systemd[1]: Listening on Journal Audit Socket.
[    5.416421] systemd[1]: Created slice User and Session Slice.
[    5.416455] systemd[1]: Listening on Journal Socket.
[    5.416487] systemd[1]: Started Forward Password Requests to Wall Directory Watch.
[    5.416511] systemd[1]: Listening on /dev/initctl Compatibility Named Pipe.
[    5.416517] systemd[1]: Reached target Encrypted Volumes.
[    6.316500] lp: driver loaded but no devices found
[    6.351447] ppdev: user-space parallel port driver
[   12.675752] EXT4-fs (sda7): re-mounted. Opts: errors=remount-ro
[   12.719642] systemd-journald[275]: Received request to flush runtime journal from PID 1
[   12.964245] ACPI Warning: SystemIO range 0x0000000000001828-0x000000000000182F conflicts with OpRegion 0x0000000000001800-0x000000000000187F (\PMIO) (20170831/utaddress-247)
[   12.964251] ACPI: If an ACPI driver is available for this device, you should use it instead of the native driver
[   12.964254] ACPI Warning: SystemIO range 0x0000000000001C40-0x0000000000001C4F conflicts with OpRegion 0x0000000000001C00-0x0000000000001FFF (\GPD) (20170831/utaddress-247)
[   12.964257] ACPI Warning: SystemIO range 0x0000000000001C40-0x0000000000001C4F conflicts with OpRegion 0x0000000000001C00-0x0000000000001FFF (\GPR) (20170831/utaddress-247)
[   12.964260] ACPI: If an ACPI driver is available for this device, you should use it instead of the native driver
[   12.964260] ACPI Warning: SystemIO range 0x0000000000001C30-0x0000000000001C3F conflicts with OpRegion 0x0000000000001C00-0x0000000000001FFF (\GPD) (20170831/utaddress-247)
[   12.964263] ACPI Warning: SystemIO range 0x0000000000001C30-0x0000000000001C3F conflicts with OpRegion 0x0000000000001C00-0x0000000000001C3F (\GPRL) (20170831/utaddress-247)
[   12.964266] ACPI Warning: SystemIO range 0x0000000000001C30-0x0000000000001C3F conflicts with OpRegion 0x0000000000001C00-0x0000000000001FFF (\GPR) (20170831/utaddress-247)
[   12.964268] ACPI: If an ACPI driver is available for this device, you should use it instead of the native driver
[   12.964269] ACPI Warning: SystemIO range 0x0000000000001C00-0x0000000000001C2F conflicts with OpRegion 0x0000000000001C00-0x0000000000001FFF (\GPD) (20170831/utaddress-247)
[   12.964271] ACPI Warning: SystemIO range 0x0000000000001C00-0x0000000000001C2F conflicts with OpRegion 0x0000000000001C00-0x0000000000001C3F (\GPRL) (20170831/utaddress-247)
[   12.964274] ACPI Warning: SystemIO range 0x0000000000001C00-0x0000000000001C2F conflicts with OpRegion 0x0000000000001C00-0x0000000000001FFF (\GPR) (20170831/utaddress-247)
[   12.964276] ACPI: If an ACPI driver is available for this device, you should use it instead of the native driver
[   12.964277] lpc_ich: Resource conflict(s) found affecting gpio_ich
[   13.087414] RAPL PMU: API unit is 2^-32 Joules, 4 fixed counters, 655360 ms ovfl timer
[   13.087416] RAPL PMU: hw unit of domain pp0-core 2^-14 Joules
[   13.087416] RAPL PMU: hw unit of domain package 2^-14 Joules
[   13.087416] RAPL PMU: hw unit of domain dram 2^-14 Joules
[   13.087417] RAPL PMU: hw unit of domain pp1-gpu 2^-14 Joules
[   13.237128] ACPI Error: Field [D128] at bit offset/length 128/1024 exceeds size of target Buffer (160 bits) (20170831/dsopcode-235)
[   13.237137] No Local Variables are initialized for Method [HWMC]
[   13.237138] Initialized Arguments for Method [HWMC]:  (2 arguments defined for method invocation)
[   13.237139]   Arg0:   00000000b7d3f4bd <Obj>           Integer 0000000000000002
[   13.237143]   Arg1:   00000000540298de <Obj>           Buffer(20) 53 45 43 55 01 00 00 00
[   13.237150] ACPI Error: Method parse/execution failed \HWMC, AE_AML_BUFFER_LIMIT (20170831/psparse-550)
[   13.237158] ACPI Error: Method parse/execution failed \_SB.WMID.WMAA, AE_AML_BUFFER_LIMIT (20170831/psparse-550)
[   13.237207] ACPI Error: Field [D128] at bit offset/length 128/1024 exceeds size of target Buffer (160 bits) (20170831/dsopcode-235)
[   13.237212] No Local Variables are initialized for Method [HWMC]
[   13.237213] Initialized Arguments for Method [HWMC]:  (2 arguments defined for method invocation)
[   13.237213]   Arg0:   00000000ff63adde <Obj>           Integer 0000000000000002
[   13.237216]   Arg1:   00000000f3acc82e <Obj>           Buffer(20) 53 45 43 55 01 00 00 00
[   13.237223] ACPI Error: Method parse/execution failed \HWMC, AE_AML_BUFFER_LIMIT (20170831/psparse-550)
[   13.237228] ACPI Error: Method parse/execution failed \_SB.WMID.WMAA, AE_AML_BUFFER_LIMIT (20170831/psparse-550)
[   13.237273] ACPI Error: Field [D128] at bit offset/length 128/1024 exceeds size of target Buffer (160 bits) (20170831/dsopcode-235)
[   13.237277] No Local Variables are initialized for Method [HWMC]
[   13.237278] Initialized Arguments for Method [HWMC]:  (2 arguments defined for method invocation)
[   13.237278]   Arg0:   00000000ff63adde <Obj>           Integer 0000000000000002
[   13.237281]   Arg1:   0000000007c78381 <Obj>           Buffer(20) 53 45 43 55 01 00 00 00
[   13.237288] ACPI Error: Method parse/execution failed \HWMC, AE_AML_BUFFER_LIMIT (20170831/psparse-550)
[   13.237293] ACPI Error: Method parse/execution failed \_SB.WMID.WMAA, AE_AML_BUFFER_LIMIT (20170831/psparse-550)
[   13.237332] input: HP WMI hotkeys as /devices/virtual/input/input7
[   13.237437] ACPI Error: Field [D128] at bit offset/length 128/1024 exceeds size of target Buffer (160 bits) (20170831/dsopcode-235)
[   13.237442] No Local Variables are initialized for Method [HWMC]
[   13.237443] Initialized Arguments for Method [HWMC]:  (2 arguments defined for method invocation)
[   13.237444]   Arg0:   00000000ff63adde <Obj>           Integer 0000000000000002
[   13.237447]   Arg1:   00000000f3acc82e <Obj>           Buffer(20) 53 45 43 55 01 00 00 00
[   13.237453] ACPI Error: Method parse/execution failed \HWMC, AE_AML_BUFFER_LIMIT (20170831/psparse-550)
[   13.237459] ACPI Error: Method parse/execution failed \_SB.WMID.WMAA, AE_AML_BUFFER_LIMIT (20170831/psparse-550)
[   13.237502] ACPI Error: Field [D128] at bit offset/length 128/1024 exceeds size of target Buffer (160 bits) (20170831/dsopcode-235)
[   13.237506] No Local Variables are initialized for Method [HWMC]
[   13.237507] Initialized Arguments for Method [HWMC]:  (2 arguments defined for method invocation)
[   13.237507]   Arg0:   00000000ff63adde <Obj>           Integer 0000000000000003
[   13.237510]   Arg1:   0000000007c78381 <Obj>           Buffer(20) 53 45 43 55 01 00 00 00
[   13.237516] ACPI Error: Method parse/execution failed \HWMC, AE_AML_BUFFER_LIMIT (20170831/psparse-550)
[   13.237522] ACPI Error: Method parse/execution failed \_SB.WMID.WMAA, AE_AML_BUFFER_LIMIT (20170831/psparse-550)
[   13.254953] shpchp: Standard Hot Plug PCI Controller Driver version: 0.4
[   13.434764] AVX2 version of gcm_enc/dec engaged.
[   13.434765] AES CTR mode by8 optimization enabled
[   13.734560] kvm: disabled by bios
[   13.776973] kvm: disabled by bios
[   13.821257] kvm: disabled by bios
[   13.929759] intel_rapl: Found RAPL domain package
[   13.929760] intel_rapl: Found RAPL domain core
[   13.929760] intel_rapl: Found RAPL domain uncore
[   13.929761] intel_rapl: Found RAPL domain dram
[   13.929763] intel_rapl: RAPL package 0 domain package locked by BIOS
[   13.929766] intel_rapl: RAPL package 0 domain dram locked by BIOS
[   14.017754] snd_hda_intel 0000:00:1b.0: enabling device (0000 -> 0002)
[   14.054695] snd_hda_codec_realtek hdaudioC0D0: autoconfig for ALC221: line_outs=1 (0x14/0x0/0x0/0x0/0x0) type:line
[   14.054697] snd_hda_codec_realtek hdaudioC0D0:    speaker_outs=1 (0x17/0x0/0x0/0x0/0x0)
[   14.054698] snd_hda_codec_realtek hdaudioC0D0:    hp_outs=1 (0x21/0x0/0x0/0x0/0x0)
[   14.054699] snd_hda_codec_realtek hdaudioC0D0:    mono: mono_out=0x0
[   14.054699] snd_hda_codec_realtek hdaudioC0D0:    inputs:
[   14.054701] snd_hda_codec_realtek hdaudioC0D0:      Rear Mic=0x1a
[   14.054702] snd_hda_codec_realtek hdaudioC0D0:      Front Mic=0x18
[   14.054703] snd_hda_codec_realtek hdaudioC0D0:      Line=0x1b
[   14.100468] input: HDA Intel PCH Rear Mic as /devices/pci0000:00/0000:00:1b.0/sound/card0/input8
[   14.100501] input: HDA Intel PCH Front Mic as /devices/pci0000:00/0000:00:1b.0/sound/card0/input9
[   14.100532] input: HDA Intel PCH Line as /devices/pci0000:00/0000:00:1b.0/sound/card0/input10
[   14.100559] input: HDA Intel PCH Line Out as /devices/pci0000:00/0000:00:1b.0/sound/card0/input11
[   14.100588] input: HDA Intel PCH Front Headphone as /devices/pci0000:00/0000:00:1b.0/sound/card0/input12
[   15.075359] Adding 4102140k swap on /dev/sda8.  Priority:-2 extents:1 across:4102140k FS
[   16.036259] audit: type=1400 audit(1537935111.293:2): apparmor="STATUS" operation="profile_load" profile="unconfined" name="/usr/lib/lightdm/lightdm-guest-session" pid=705 comm="apparmor_parser"
[   16.036262] audit: type=1400 audit(1537935111.293:3): apparmor="STATUS" operation="profile_load" profile="unconfined" name="/usr/lib/lightdm/lightdm-guest-session//chromium" pid=705 comm="apparmor_parser"
[   16.036944] audit: type=1400 audit(1537935111.293:4): apparmor="STATUS" operation="profile_load" profile="unconfined" name="webbrowser-app" pid=709 comm="apparmor_parser"
[   16.036946] audit: type=1400 audit(1537935111.293:5): apparmor="STATUS" operation="profile_load" profile="unconfined" name="webbrowser-app//oxide_helper" pid=709 comm="apparmor_parser"
[   16.045789] audit: type=1400 audit(1537935111.301:6): apparmor="STATUS" operation="profile_load" profile="unconfined" name="/usr/bin/evince" pid=707 comm="apparmor_parser"
[   16.045791] audit: type=1400 audit(1537935111.301:7): apparmor="STATUS" operation="profile_load" profile="unconfined" name="/usr/bin/evince//sanitized_helper" pid=707 comm="apparmor_parser"
[   16.045802] audit: type=1400 audit(1537935111.301:8): apparmor="STATUS" operation="profile_load" profile="unconfined" name="/usr/bin/evince-previewer" pid=707 comm="apparmor_parser"
[   16.045803] audit: type=1400 audit(1537935111.301:9): apparmor="STATUS" operation="profile_load" profile="unconfined" name="/usr/bin/evince-previewer//sanitized_helper" pid=707 comm="apparmor_parser"
[   16.045805] audit: type=1400 audit(1537935111.301:10): apparmor="STATUS" operation="profile_load" profile="unconfined" name="/usr/bin/evince-thumbnailer" pid=707 comm="apparmor_parser"
[   16.045806] audit: type=1400 audit(1537935111.301:11): apparmor="STATUS" operation="profile_load" profile="unconfined" name="/usr/bin/evince-thumbnailer//sanitized_helper" pid=707 comm="apparmor_parser"
[   18.740220] IPv6: ADDRCONF(NETDEV_UP): enp2s0: link is not ready
[   18.854161] r8169 0000:02:00.0 enp2s0: link down
[   18.854162] r8169 0000:02:00.0 enp2s0: link down
[   18.854217] IPv6: ADDRCONF(NETDEV_UP): enp2s0: link is not ready
[   21.821385] r8169 0000:02:00.0 enp2s0: link up
[   21.821392] IPv6: ADDRCONF(NETDEV_CHANGE): enp2s0: link becomes ready
[ 3141.730782] perf: interrupt took too long (2510 > 2500), lowering kernel.perf_event_max_sample_rate to 79500
[ 3822.027012] perf: interrupt took too long (3145 > 3137), lowering kernel.perf_event_max_sample_rate to 63500
[ 5584.676688] perf: interrupt took too long (3933 > 3931), lowering kernel.perf_event_max_sample_rate to 50750
[ 5755.924828] main: loading out-of-tree module taints kernel.
[ 5755.924856] main: module verification failed: signature and/or required key missing - tainting kernel
[ 5755.925519] Hello World!
ubuntu@ubuntu-HP-406-G1-MT:~/kernel$ dmesg | tail -1
[ 5755.925519] Hello World!
ubuntu@ubuntu-HP-406-G1-MT:~/kernel$ 
